node.exe : npm warn Unknown env config 
"python". This will stop working in the 
next major version of npm.
At line:1 char:1
+ & "C:\nvm4w\nodejs/node.exe" 
"C:\nvm4w\nodejs/node_modules/npm/bin/np ...
+ ~~~~~~~~~~~~~~~~~~~~~~~~~~~~~~~~~~~~~~~~~~
~~~~~~~~~~~~~~~~~~~~~~~~~~~
    + CategoryInfo          : NotSpecified: 
    (npm warn Unknow...version of npm.:Str  
  ing) [], RemoteException
    + FullyQualifiedErrorId : NativeCommand 
   Error
 
≡ƒî▒ Seeding Test Data...
TypeError: Cannot read properties of 
undefined (reading 'company')
    at testRealGeneration (C:\Users\ASUS\Doc
uments\files\hackathon\zenith-point-blank\ai
nativejobboard\scripts\test-real-generation.
ts:9:30)
    at <anonymous> (C:\Users\ASUS\Documents\
files\hackathon\zenith-point-blank\ainativej
obboard\scripts\test-real-generation.ts:69:1
)
    at Object.<anonymous> (C:\Users\ASUS\Doc
uments\files\hackathon\zenith-point-blank\ai
nativejobboard\scripts\test-real-generation.
ts:74:6)
    at Module._compile 
(node:internal/modules/cjs/loader:1761:14)
    at Object.transformer (C:\Users\ASUS\Doc
uments\files\hackathon\zenith-point-blank\ai
nativejobboard\node_modules\tsx\dist\registe
r-D46fvsV_.cjs:3:1104)
    at Module.load 
(node:internal/modules/cjs/loader:1481:32)
    at Module._load 
(node:internal/modules/cjs/loader:1300:12)
    at TracingChannel.traceSync 
(node:diagnostics_channel:328:14)
    at wrapModuleLoad 
(node:internal/modules/cjs/loader:245:24)
    at loadCJSModuleWithModuleLoad (node:int
ernal/modules/esm/translators:339:3)
